
Memory Configuration

Name             Origin             Length             Attributes
mem              0x00000000         0x04000000         xrw
*default*        0x00000000         0xffffffff

Linker script and memory map

                0x00010000                . = 0x10000

.startup        0x00010000       0x10
 startup.o(.text)
 .text          0x00010000       0x10 startup.o
                0x00010000                reset

.text           0x00010010       0x6c
 *(.text)
 .text          0x00010010       0x50 uart.o
                0x00010010                uart_send_string
 .text          0x00010060       0x1c app.o
                0x00010060                main
 *(.rodata)

.glue_7         0x0001007c        0x0
 .glue_7        0x00000000        0x0 linker stubs

.glue_7t        0x0001007c        0x0
 .glue_7t       0x00000000        0x0 linker stubs

.vfp11_veneer   0x0001007c        0x0
 .vfp11_veneer  0x00000000        0x0 linker stubs

.v4_bx          0x0001007c        0x0
 .v4_bx         0x00000000        0x0 linker stubs

.iplt           0x0001007c        0x0
 .iplt          0x00000000        0x0 startup.o

.rel.dyn        0x0001007c        0x0
 .rel.iplt      0x00000000        0x0 startup.o

.data           0x0001007c       0x64
 *(.data)
 .data          0x0001007c        0x0 startup.o
 .data          0x0001007c        0x0 uart.o
 .data          0x0001007c       0x64 app.o
                0x0001007c                string_ptr

.igot.plt       0x000100e0        0x0
 .igot.plt      0x00000000        0x0 startup.o

.bss            0x000100e0        0x0
 *(.bss)
 .bss           0x000100e0        0x0 startup.o
 .bss           0x000100e0        0x0 uart.o
 .bss           0x000100e0        0x0 app.o
 *(COMMON)
                0x000110e0                . = (. + 0x1000)
                0x000110e0                stack_top = .
LOAD startup.o
LOAD uart.o
LOAD app.o
OUTPUT(learn_in_depth.elf elf32-littlearm)

.ARM.attributes
                0x00000000       0x2e
 .ARM.attributes
                0x00000000       0x22 startup.o
 .ARM.attributes
                0x00000022       0x30 uart.o
 .ARM.attributes
                0x00000052       0x30 app.o

.comment        0x00000000       0x11
 .comment       0x00000000       0x11 uart.o
                                 0x12 (size before relaxing)
 .comment       0x00000000       0x12 app.o
